module github.com/pierdipi/gobump

go 1.15

require golang.org/x/mod v0.3.0
